[kanakiapowaicodenamefuture.in/index.html]
[backblue.gif]
[fade.gif]
[index.html]
[kanakiapowaicodenamefuture.in/images/favicon.png]
[maxcdn.bootstrapcdn.com/font-awesome/4.7.0/css/font-awesome.min.css]
[kanakiapowaicodenamefuture.in/css/bootstrap.min.css]
[kanakiapowaicodenamefuture.in/css/bootstrap-theme.min.css]
[kanakiapowaicodenamefuture.in/css/stylec619.css]
[kanakiapowaicodenamefuture.in/lightbox/light-box.css]
[kanakiapowaicodenamefuture.in/css/animate.min.css]
[kanakiapowaicodenamefuture.in/css/amenities.css]
[kanakiapowaicodenamefuture.in/owlcarousel/owl.carousel.min.css]
[kanakiapowaicodenamefuture.in/owlcarousel/owl.theme.default.min.css]
[kanakiapowaicodenamefuture.in/index-2.html]
[kanakiapowaicodenamefuture.in/images/logo.png]
[kanakiapowaicodenamefuture.in/images/bharat-logo.png]
[kanakiapowaicodenamefuture.in/images/slider/slide-1.jpg]
[kanakiapowaicodenamefuture.in/images/slider/mobile-1.jpg]
[kanakiapowaicodenamefuture.in/images/slider/slide-2.jpg]
[kanakiapowaicodenamefuture.in/images/slider/mobile-2.jpg]
[kanakiapowaicodenamefuture.in/images/box-dot.png]
[kanakiapowaicodenamefuture.in/images/blueprint.png]
[kanakiapowaicodenamefuture.in/images/handshake.png]
[kanakiapowaicodenamefuture.in/images/cityscape.png]
[kanakiapowaicodenamefuture.in/images/box-dot-wight.png]
[kanakiapowaicodenamefuture.in/images/key/Fountain-View_Edit_1.jpg]
[kanakiapowaicodenamefuture.in/images/key/Pool _View_Edit_2.jpg]
[kanakiapowaicodenamefuture.in/images/key/AquaGym.jpg]
[kanakiapowaicodenamefuture.in/images/key/FitnessCentre.jpg]
[kanakiapowaicodenamefuture.in/images/key/HalfBasketballcourt.jpg]
[kanakiapowaicodenamefuture.in/images/key/IndoorGames.jpg]
[kanakiapowaicodenamefuture.in/images/key/Jacuzzi.jpg]
[kanakiapowaicodenamefuture.in/images/key/Jogging-Area.jpg]
[kanakiapowaicodenamefuture.in/images/key/Kids-Pool.jpg]
[kanakiapowaicodenamefuture.in/images/key/TennisCourt.jpg]
[kanakiapowaicodenamefuture.in/images/key/YogaArea.jpg]
[kanakiapowaicodenamefuture.in/images/gallery/general/1.jpg]
[kanakiapowaicodenamefuture.in/images/gallery/general/2.jpg]
[kanakiapowaicodenamefuture.in/images/gallery/plan/2.jpg]
[kanakiapowaicodenamefuture.in/images/gallery/plan/3.jpg]
[kanakiapowaicodenamefuture.in/images/gallery/plan/4.jpg]
[kanakiapowaicodenamefuture.in/images/gallery/plan/5.jpg]
[kanakiapowaicodenamefuture.in/images/gallery/plan/6.jpg]
[kanakiapowaicodenamefuture.in/images/gallery/plan/7.jpg]
[kanakiapowaicodenamefuture.in/images/gallery/plan/8.jpg]
[kanakiapowaicodenamefuture.in/images/gallery/plan/9.jpg]
[kanakiapowaicodenamefuture.in/images/gallery/plan/10.jpg]
[kanakiapowaicodenamefuture.in/images/gallery/plan/11.jpg]
[kanakiapowaicodenamefuture.in/images/gallery/Master-plan.jpg]
[kanakiapowaicodenamefuture.in/images/aminities/departure.png]
[kanakiapowaicodenamefuture.in/images/aminities/train.png]
[kanakiapowaicodenamefuture.in/images/aminities/metro.png]
[kanakiapowaicodenamefuture.in/images/aminities/highway.png]
[kanakiapowaicodenamefuture.in/images/aminities/hospital-sign.png]
[kanakiapowaicodenamefuture.in/images/aminities/graduation-hat.png]
[kanakiapowaicodenamefuture.in/images/aminities/hotel.png]
[kanakiapowaicodenamefuture.in/images/aminities/doorknob.png]
[kanakiapowaicodenamefuture.in/images/aminities/shopping-cart.png]
[kanakiapowaicodenamefuture.in/images/aminities/bumper-car.png]
[kanakiapowaicodenamefuture.in/images/aminities/dish.png]
[kanakiapowaicodenamefuture.in/images/map-l.jpg]
[kanakiapowaicodenamefuture.in/images/maha-rera.png]
[kanakiapowaicodenamefuture.in/images/loader1.gif]
[kanakiapowaicodenamefuture.in/lightbox/light-box.js]
[kanakiapowaicodenamefuture.in/js/jquery-3.3.1.min.js]
[kanakiapowaicodenamefuture.in/js/bootstrap.min.js]
[kanakiapowaicodenamefuture.in/js/jquery.counterup.min.js]
[kanakiapowaicodenamefuture.in/js/waypoints.min.js]
[kanakiapowaicodenamefuture.in/owlcarousel/owl.carousel.min.js]
[kanakiapowaicodenamefuture.in/js/wow.js]
[kanakiapowaicodenamefuture.in/js/mobilevalidate.js]
[kanakiapowaicodenamefuture.in/js/cookie.js]
[kanakiapowaicodenamefuture.in/js/popout.js]
[kanakiapowaicodenamefuture.in/js/jquery.validate.js]
[kanakiapowaicodenamefuture.in/index.html]
[www.googletagmanager.com/gtm5445.html]
[maxcdn.bootstrapcdn.com/font-awesome/4.7.0/css/font-awesome.min.css]
[kanakiapowaicodenamefuture.in/fonts/glyphicons-halflings-regular.eot]
[kanakia.realatte.com/mtcwtl.js]
[kanakiapowaicodenamefuture.in/fonts/glyphicons-halflings-regular.woff]
[kanakiapowaicodenamefuture.in/fonts/glyphicons-halflings-regulard41d.eot]
[kanakiapowaicodenamefuture.in/fonts/glyphicons-halflings-regular.ttf]
[kanakiapowaicodenamefuture.in/css/bootstrap.min.css]
[kanakiapowaicodenamefuture.in/css/bootstrap-theme.min.css]
[kanakiapowaicodenamefuture.in/images/checked.png]
[kanakiapowaicodenamefuture.in/images/inner-banner.jpg]
[kanakiapowaicodenamefuture.in/images/imgbg1.jpg]
[kanakiapowaicodenamefuture.in/css/stylec619.css]
[kanakiapowaicodenamefuture.in/lightbox/light-box.css]
[kanakiapowaicodenamefuture.in/css/animate.min.css]
[kanakiapowaicodenamefuture.in/images/left-a.png]
[kanakiapowaicodenamefuture.in/images/right-a.png]
[kanakiapowaicodenamefuture.in/css/amenities.css]
[kanakiapowaicodenamefuture.in/owlcarousel/owl.carousel.min.css]
[kanakiapowaicodenamefuture.in/owlcarousel/owl.theme.default.min.css]
[kanakiapowaicodenamefuture.in/index-2.html]
[kanakiapowaicodenamefuture.in/fonts/glyphicons-halflings-regular.html]
[kanakiapowaicodenamefuture.in/fonts/glyphicons-halflings-regular.svg]
[kanakiapowaicodenamefuture.in/owlcarousel/owl.video.play.html]
